// Jest Snapshot v1, https://goo.gl/fbAQLP

exports[`List component should render correctly for loading state 1`] = `
<div
  className="list"
>
  Loading...
</div>
`;

exports[`List component should render correctly with data 1`] = `
<div
  className="list"
>
  <article>
    <h2>
      sunt aut facere repellat provident occaecati excepturi optio reprehenderit
    </h2>
    <h3>
      1
    </h3>
    <p>
      quia et suscipit
suscipit recusandae consequuntur expedita et cum
reprehenderit molestiae ut ut quas totam
nostrum rerum est autem sunt rem eveniet architecto
    </p>
  </article>
  <article>
    <h2>
      qui est esse
    </h2>
    <h3>
      1
    </h3>
    <p>
      est rerum tempore vitae
sequi sint nihil reprehenderit dolor beatae ea dolores neque
fugiat blanditiis voluptate porro vel nihil molestiae ut reiciendis
qui aperiam non debitis possimus qui neque nisi nulla
    </p>
  </article>
  <article>
    <h2>
      ea molestias quasi exercitationem repellat qui ipsa sit aut
    </h2>
    <h3>
      1
    </h3>
    <p>
      et iusto sed quo iure
voluptatem occaecati omnis eligendi aut ad
voluptatem doloribus vel accusantium quis pariatur
molestiae porro eius odio et labore et velit aut
    </p>
  </article>
  <article>
    <h2>
      eum et est occaecati
    </h2>
    <h3>
      1
    </h3>
    <p>
      ullam et saepe reiciendis voluptatem adipisci
sit amet autem assumenda provident rerum culpa
quis hic commodi nesciunt rem tenetur doloremque ipsam iure
quis sunt voluptatem rerum illo velit
    </p>
  </article>
  <article>
    <h2>
      nesciunt quas odio
    </h2>
    <h3>
      1
    </h3>
    <p>
      repudiandae veniam quaerat sunt sed
alias aut fugiat sit autem sed est
voluptatem omnis possimus esse voluptatibus quis
est aut tenetur dolor neque
    </p>
  </article>
  <article>
    <h2>
      dolorem eum magni eos aperiam quia
    </h2>
    <h3>
      1
    </h3>
    <p>
      ut aspernatur corporis harum nihil quis provident sequi
mollitia nobis aliquid molestiae
perspiciatis et ea nemo ab reprehenderit accusantium quas
voluptate dolores velit et doloremque molestiae
    </p>
  </article>
  <article>
    <h2>
      magnam facilis autem
    </h2>
    <h3>
      1
    </h3>
    <p>
      dolore placeat quibusdam ea quo vitae
magni quis enim qui quis quo nemo aut saepe
quidem repellat excepturi ut quia
sunt ut sequi eos ea sed quas
    </p>
  </article>
  <article>
    <h2>
      dolorem dolore est ipsam
    </h2>
    <h3>
      1
    </h3>
    <p>
      dignissimos aperiam dolorem qui eum
facilis quibusdam animi sint suscipit qui sint possimus cum
quaerat magni maiores excepturi
ipsam ut commodi dolor voluptatum modi aut vitae
    </p>
  </article>
  <article>
    <h2>
      nesciunt iure omnis dolorem tempora et accusantium
    </h2>
    <h3>
      1
    </h3>
    <p>
      consectetur animi nesciunt iure dolore
enim quia ad
veniam autem ut quam aut nobis
et est aut quod aut provident voluptas autem voluptas
    </p>
  </article>
  <article>
    <h2>
      optio molestias id quia eum
    </h2>
    <h3>
      1
    </h3>
    <p>
      quo et expedita modi cum officia vel magni
doloribus qui repudiandae
vero nisi sit
quos veniam quod sed accusamus veritatis error
    </p>
  </article>
</div>
`;
